// Vitest Snapshot v1, https://vitest.dev/guide/snapshot.html

exports[`rbac matrix > snapshot of the full matrix (fails CI on accidental grants) 1`] = `
{
  "ANALYST": [
    "products.view",
    "inventory.view",
    "orders.view",
    "orders.export",
    "customers.view",
    "customers.export",
    "analytics.view",
    "audit.view",
  ],
  "BOUTIQUE_MANAGER": [
    "products.view",
    "products.edit",
    "products.publish",
    "products.delete",
    "inventory.view",
    "inventory.adjust",
    "orders.view",
    "orders.edit",
    "orders.confirm",
    "orders.export",
    "customers.view",
    "customers.edit",
    "customers.export",
    "logistics.manage",
    "coupons.manage",
    "media.manage",
    "content.edit",
    "seo.edit",
    "analytics.view",
    "settings.manage",
    "audit.view",
  ],
  "CONTENT_EDITOR": [
    "content.edit",
    "media.manage",
    "seo.edit",
    "products.view",
  ],
  "ORDER_MANAGER": [
    "orders.view",
    "orders.edit",
    "orders.confirm",
    "orders.export",
    "customers.view",
    "customers.edit",
    "inventory.view",
    "analytics.view",
  ],
  "PRODUCT_MANAGER": [
    "products.view",
    "products.edit",
    "products.publish",
    "products.delete",
    "inventory.view",
    "inventory.adjust",
    "media.manage",
    "seo.edit",
    "analytics.view",
  ],
  "SUPER_ADMIN": [
    "products.view",
    "products.edit",
    "products.publish",
    "products.delete",
    "inventory.view",
    "inventory.adjust",
    "orders.view",
    "orders.edit",
    "orders.confirm",
    "orders.export",
    "customers.view",
    "customers.edit",
    "customers.export",
    "logistics.manage",
    "coupons.manage",
    "media.manage",
    "content.edit",
    "seo.edit",
    "analytics.view",
    "users.manage",
    "settings.manage",
    "audit.view",
  ],
}
`;
